[jainheritageschool.com/index.html]
[backblue.gif]
[fade.gif]
[index.html]
[jainheritageschool.com/favicon.ico]
[jainheritageschool.com/assets/img/favicons/apple-icon-57x57.png]
[jainheritageschool.com/index-2.html]
[jainheritageschool.com/assets/img/favicons/apple-icon-60x60.png]
[jainheritageschool.com/assets/img/favicons/apple-icon-72x72.png]
[jainheritageschool.com/assets/img/favicons/apple-icon-76x76.png]
[jainheritageschool.com/assets/img/favicons/apple-icon-114x114.png]
[jainheritageschool.com/assets/img/favicons/apple-icon-120x120.png]
[jainheritageschool.com/assets/img/favicons/apple-icon-144x144.png]
[jainheritageschool.com/assets/img/favicons/apple-icon-152x152.png]
[jainheritageschool.com/assets/img/favicons/apple-icon-180x180.png]
[jainheritageschool.com/assets/img/favicons/android-icon-192x192.png]
[jainheritageschool.com/assets/img/favicons/favicon-32x32.png]
[jainheritageschool.com/assets/img/favicons/favicon-96x96.png]
[jainheritageschool.com/assets/img/favicons/favicon-16x16.png]
[jainheritageschool.com/assets/img/favicons/manifest.json]
[jainheritageschool.com/assets/css/bootstrap.min.css]
[jainheritageschool.com/assets/css/fontawesome.min.css]
[jainheritageschool.com/assets/css/magnific-popup.min.css]
[jainheritageschool.com/assets/css/swiper-bundle.min.css]
[jainheritageschool.com/assets/css/style.css]
[jainheritageschool.com/assets/img/icon/drag-arrow-left.svg]
[jainheritageschool.com/assets/img/icon/drag-arrow-right.svg]
[jainheritageschool.com/assets/img/logo-icon3.svg]
[jainheritageschool.com/assets/img/logo2.svg]
[jainheritageschool.com/ourhistory.html]
[jainheritageschool.com/vision-mission.html]
[jainheritageschool.com/chairmans-message.html]
[jainheritageschool.com/careers.html]
[jainheritageschool.com/cbse-affiliation.html]
[jainheritageschool.com/list-of-prescribed-books.html]
[jainheritageschool.com/no-homework-policy.html]
[jainheritageschool.com/institution-tieups.html]
[jainheritageschool.com/eligibility-and-essential-documents.html]
[jainheritageschool.com/schedule-an-interaction.html]
[jainheritageschool.com/admission-forms.html]
[jainheritageschool.com/assets/pdf/Fees Structure.pdf]
[jainheritageschool.com/assets/pdf/Refund_policy.pdf]
[jainheritageschool.com/mandatory-disclosure.html]
[jainheritageschool.com/tempo-event.html]
[jainheritageschool.com/gallery.html]
[jainheritageschool.com/newsletter.html]
[jainheritageschool.com/press-release.html]
[jainheritageschool.com/admissions-2026-27/application/index.html]
[jainheritageschool.com/blog-grid.html]
[jainheritageschool.com/faq.html]
[jainheritageschool.com/learning-resource-center.html]
[jainheritageschool.com/learning-labs.html]
[jainheritageschool.com/art-and-finearts-studio.html]
[jainheritageschool.com/transportation.html]
[jainheritageschool.com/meal-plan.html]
[jainheritageschool.com/health-services.html]
[jainheritageschool.com/circle-time.html]
[jainheritageschool.com/clubs.html]
[jainheritageschool.com/supplymentary-activities.html]
[jainheritageschool.com/field-trips.html]
[jainheritageschool.com/summer-camp-and-sports-training.html]
[jainheritageschool.com/contact-us.html]
[jainheritageschool.com/assets/img/logo.svg]
[jainheritageschool.com/assets/img/logo_bg_mask.png]
[jainheritageschool.com/assets/img/hero/2.jpg]
[jainheritageschool.com/assets/img/shape/hero-1-shape.png]
[jainheritageschool.com/assets/img/hero/1.jpg]
[jainheritageschool.com/assets/img/hero/3.jpg]
[jainheritageschool.com/admissions-2026-27/index.html]
[jainheritageschool.com/assets/img/icon/feature_1_1.svg]
[jainheritageschool.com/assets/img/icon/feature_1_2.svg]
[jainheritageschool.com/assets/img/icon/feature_1_3.svg]
[jainheritageschool.com/assets/img/category/Learning Labs.jpg]
[jainheritageschool.com/assets/img/category/Performing Arts.jpg]
[jainheritageschool.com/assets/img/category/Visual Arts.jpg]
[jainheritageschool.com/assets/img/category/Extended Day Care.jpg]
[jainheritageschool.com/assets/img/category/Student meal Plan.jpg]
[jainheritageschool.com/assets/img/category/Student Health.jpg]
[jainheritageschool.com/assets/img/category/School Cinema.jpg]
[jainheritageschool.com/assets/img/category/Sports & Games.jpg]
[jainheritageschool.com/assets/img/normal/about_1_1.jpg]
[jainheritageschool.com/assets/img/normal/about_1_2.jpg]
[jainheritageschool.com/assets/img/normal/about_1_3.jpg]
[jainheritageschool.com/assets/img/icon/map3.svg]
[jainheritageschool.com/assets/img/icon/guide.svg]
[jainheritageschool.com/assets/img/shape/ab-1-shape-1.png]
[jainheritageschool.com/assets/img/shape/ab-1-shape-2.png]
[jainheritageschool.com/assets/img/normal/about-right.png]
[jainheritageschool.com/assets/img/bg/shape_bg_1.png]
[jainheritageschool.com/assets/img/normal/Founder.jpg]
[jainheritageschool.com/assets/img/icon/fea-3-1.svg]
[jainheritageschool.com/assets/img/icon/fea-3-2.svg]
[jainheritageschool.com/assets/img/icon/fea-3-3.svg]
[jainheritageschool.com/assets/img/bg/process-1-2-bg.jpg]
[jainheritageschool.com/assets/img/process/Exploration.jpg]
[jainheritageschool.com/assets/img/process/Foundation.jpg]
[jainheritageschool.com/assets/img/process/Formation.jpg]
[jainheritageschool.com/assets/img/process/Direction.jpg]
[jainheritageschool.com/assets/img/choose/International Curriculum.jpg]
[jainheritageschool.com/assets/img/choose/Nutrition for the Kids.jpg]
[jainheritageschool.com/assets/img/choose/Locally Relevant.jpg]
[jainheritageschool.com/assets/img/choose/Holistic Learning Environment.jpg]
[jainheritageschool.com/assets/img/choose/Field Trips.jpg]
[jainheritageschool.com/assets/img/choose/Developing Future Skills.jpg]
[jainheritageschool.com/assets/img/choose/Trained Teacher.jpg]
[jainheritageschool.com/assets/img/choose/Personalized Learning Path.jpg]
[jainheritageschool.com/assets/img/choose/Mindfulness Activities.jpg]
[jainheritageschool.com/assets/img/normal/about_8_1.jpg]
[jainheritageschool.com/assets/img/normal/about_8_2.jpg]
[jainheritageschool.com/assets/img/icon/th-shield.svg]
[jainheritageschool.com/assets/img/normal/about_8_3.jpg]
[jainheritageschool.com/assets/img/shape/shape_5.png]
[jainheritageschool.com/assets/img/bg/hero11-bg.png]
[jainheritageschool.com/assets/img/shape/hero11-shap1.png]
[jainheritageschool.com/assets/img/shape/hero11-shap2.png]
[jainheritageschool.com/assets/img/hero/hero-video-img.png]
[jainheritageschool.com/assets/Video/Campus Walkthrough.mp4]
[jainheritageschool.com/assets/img/bg/project_2_bg.jpg]
[jainheritageschool.com/assets/img/icon/about_card_1.svg]
[jainheritageschool.com/assets/img/icon/about_card_2.svg]
[jainheritageschool.com/assets/img/icon/about_card_3.svg]
[jainheritageschool.com/assets/img/normal/about_11_1.jpg]
[jainheritageschool.com/assets/img/normal/about_11_2.jpg]
[jainheritageschool.com/assets/img/logo-icon.svg]
[jainheritageschool.com/assets/img/shape/bullets-circle2.png]
[jainheritageschool.com/assets/img/gallery/gallery_15_2.png]
[jainheritageschool.com/assets/img/gallery/gallery_15_3.png]
[jainheritageschool.com/assets/img/gallery/gallery_15_4.png]
[jainheritageschool.com/assets/img/gallery/gallery_15_5.png]
[jainheritageschool.com/assets/img/gallery/gallery_15_7.png]
[jainheritageschool.com/assets/img/gallery/gallery_15_1.png]
[jainheritageschool.com/assets/img/service/DAy Boarding.jpg]
[jainheritageschool.com/assets/img/service/After School Sports.jpg]
[jainheritageschool.com/assets/img/service/STEAM Labs.jpg]
[jainheritageschool.com/assets/img/service/Extended Day Care.jpg]
[jainheritageschool.com/assets/img/service/Leadership Programs.jpg]
[jainheritageschool.com/assets/img/service/International Exchange.jpg]
[jainheritageschool.com/assets/img/service/Career Guidance.jpg]
[jainheritageschool.com/assets/img/gallery/gallery_1_1.jpg]
[jainheritageschool.com/assets/img/gallery/gallery_1_2.jpg]
[jainheritageschool.com/assets/img/gallery/gallery_1_3.jpg]
[jainheritageschool.com/assets/img/gallery/gallery_1_4.jpg]
[jainheritageschool.com/assets/img/gallery/gallery_1_5.jpg]
[jainheritageschool.com/assets/img/gallery/gallery_1_6.jpg]
[jainheritageschool.com/assets/img/gallery/gallery_1_7.jpg]
[jainheritageschool.com/assets/img/shape/g-shape-1.png]
[jainheritageschool.com/assets/img/testimonial/testi_1_1.jpg]
[jainheritageschool.com/assets/img/icon/testi-quote.svg]
[jainheritageschool.com/assets/img/testimonial/testi_1_2.jpg]
[jainheritageschool.com/assets/img/testimonial/testi_1_3.jpg]
[jainheritageschool.com/assets/img/shape/shape_7.png]
[jainheritageschool.com/assets/img/shape/blog-discus.png]
[jainheritageschool.com/questions-parents-should-ask-before-choosing-a-school.html]
[jainheritageschool.com/assets/img/blog/Life-Skills-Education_Blog4_424X351.jpg]
[jainheritageschool.com/artificial-intelligence-advantages-disadvantages-education.html]
[jainheritageschool.com/assets/img/blog/Al-in-Education_Blog5_424X351.jpg]
[jainheritageschool.com/lifelong-skills-children-learn-through-steam-education.html]
[jainheritageschool.com/life-skills-education-importance-for-students.html]
[jainheritageschool.com/21st-century-skills-every-student-needs.html]
[jainheritageschool.com/assets/img/blog/21st-Century_Blog4_424X351.jpg]
[jainheritageschool.com/ai-in-education-future-of-learning-and-teaching.html]
[jainheritageschool.com/freedom-fighters-of-india.html]
[jainheritageschool.com/assets/img/blog/Blog 5.jpg]
[jainheritageschool.com/national-mathematics-day-ramanujan-legacy.html]
[jainheritageschool.com/assets/img/blog/Blog 6.jpg]
[jainheritageschool.com/assets/img/icon/plane.svg]
[jainheritageschool.com/assets/img/logo3.svg]
[jainheritageschool.com/assets/img/icon/phone.svg]
[jainheritageschool.com/assets/img/icon/envelope.svg]
[jainheritageschool.com/assets/img/icon/location-dot.svg]
[jainheritageschool.com/terms-and-conditions.html]
[jainheritageschool.com/privacy-policy.html]
[jainheritageschool.com/assets/js/vendor/jquery-3.7.1.min.js]
[jainheritageschool.com/assets/js/swiper-bundle.min.js]
[jainheritageschool.com/assets/js/bootstrap.min.js]
[jainheritageschool.com/assets/js/jquery.magnific-popup.min.js]
[jainheritageschool.com/assets/js/jquery.counterup.min.js]
[jainheritageschool.com/assets/js/circle-progress.js]
[jainheritageschool.com/assets/js/jquery-ui.min.js]
[jainheritageschool.com/assets/js/imagesloaded.pkgd.min.js]
[jainheritageschool.com/assets/js/isotope.pkgd.min.js]
[jainheritageschool.com/assets/js/nice-select.min.js]
[jainheritageschool.com/assets/js/wow.min.js]
[jainheritageschool.com/assets/js/gsap.min.js]
[jainheritageschool.com/assets/js/ScrollTrigger.min.js]
[jainheritageschool.com/assets/js/SplitText.js]
[jainheritageschool.com/assets/js/lenis.min.js]
[jainheritageschool.com/assets/js/main.js]
[jainheritageschool.com/assets/js/language-switcher.js]
[jainheritageschool.com/index.html]
[www.googletagmanager.com/gtm5445.html]
[jainheritageschool.com/index-2.html]
[jainheritageschool.com/favicon.html]
[jainheritageschool.com/assets/css/bootstrap.min.css]
[jainheritageschool.com/assets/fonts/fontawesome/fa-brands-400.woff2]
[jainheritageschool.com/assets/fonts/fontawesome/fa-brands-400.ttf]
[jainheritageschool.com/assets/fonts/fontawesome/fa-duotone-900.woff2]
[jainheritageschool.com/assets/fonts/fontawesome/fa-duotone-900.ttf]
[jainheritageschool.com/assets/fonts/fontawesome/fa-light-300.woff2]
[jainheritageschool.com/assets/fonts/fontawesome/fa-light-300.ttf]
[jainheritageschool.com/assets/fonts/fontawesome/fa-regular-400.woff2]
[jainheritageschool.com/assets/fonts/fontawesome/fa-solid-900.woff2]
[jainheritageschool.com/assets/fonts/fontawesome/fa-regular-400.ttf]
[jainheritageschool.com/assets/fonts/fontawesome/fa-solid-900.ttf]
[jainheritageschool.com/assets/fonts/fontawesome/fa-thin-100.woff2]
[jainheritageschool.com/assets/css/fontawesome.min.css]
[jainheritageschool.com/assets/css/magnific-popup.min.css]
[jainheritageschool.com/assets/css/swiper-bundle.min.css]
[jainheritageschool.com/assets/fonts/fontawesome/fa-thin-100.ttf]
[jainheritageschool.com/assets/img/shape/hero-shape1.png]
[jainheritageschool.com/assets/img/shape/hero-shape2.png]
[jainheritageschool.com/assets/img/icon/arrow-right3.svg]
[jainheritageschool.com/assets/img/shape/about-shape.png]
[jainheritageschool.com/assets/img/icon/checkmark.svg]
[jainheritageschool.com/assets/img/icon/price-check.svg]
[jainheritageschool.com/assets/img/normal/price-shape.png]
[jainheritageschool.com/assets/img/normal/price-shape2.png]
[jainheritageschool.com/assets/img/icon/price-check2.svg]
[jainheritageschool.com/assets/img/icon/arrow-right2.svg]
[jainheritageschool.com/assets/css/path_to_image]
[jainheritageschool.com/assets/img/normal/shape.svg]
[jainheritageschool.com/assets/css/style.css]
[jainheritageschool.com/assets/img/icon/drag-arrow-left.svg]
[jainheritageschool.com/assets/img/icon/drag-arrow-right.svg]
[jainheritageschool.com/assets/img/logo-icon3.svg]
[jainheritageschool.com/assets/img/logo2.svg]
[jainheritageschool.com/assets/img/blog/recent-post-1-1.jpg]
[jainheritageschool.com/assets/img/blog/recent-post-1-2.jpg]
[jainheritageschool.com/assets/img/bg/breadcumb_bg.jpg]
[jainheritageschool.com/assets/img/normal/about_10_1.jpg]
[jainheritageschool.com/assets/img/normal/about_10_2.jpg]
[jainheritageschool.com/assets/img/normal/about_10_3.jpg]
[translate.google.com/translate_a/elemente855.js]
[jainheritageschool.com/ourhistory.html]
[jainheritageschool.com/assets/img/bg/vmbreadcumb_bg.jpg]
[jainheritageschool.com/assets/img/normal/about_2_1.jpg]
[jainheritageschool.com/assets/img/normal/about_2_2.jpg]
[jainheritageschool.com/assets/img/icon/headphone.svg]
[jainheritageschool.com/assets/img/bg/history_bg_1.jpg]
[jainheritageschool.com/assets/img/icon/history_1_2.svg]
[jainheritageschool.com/assets/img/icon/history_1_1.svg]
[jainheritageschool.com/assets/img/bg/team_bg_4.jpg]
[jainheritageschool.com/assets/img/team/team_6_1.jpg]
[jainheritageschool.com/assets/img/team/team_6_2.jpg]
[jainheritageschool.com/assets/img/team/team_6_3.jpg]
[jainheritageschool.com/assets/img/team/team_6_4.jpg]
[jainheritageschool.com/assets/img/icon/service-left.svg]
[jainheritageschool.com/assets/img/icon/service-right.svg]
[jainheritageschool.com/vision-mission.html]
[jainheritageschool.com/assets/img/bg/chbreadcumb_bg.jpg]
[jainheritageschool.com/assets/img/normal/about_3_1.jpg]
[jainheritageschool.com/assets/img/normal/about_3_2.jpg]
[jainheritageschool.com/assets/img/normal/jgi logo (1) 1.png]
[jainheritageschool.com/assets/img/shape/small-cloud.png]
[jainheritageschool.com/assets/img/shape/cp-gp-shape.png]
[jainheritageschool.com/assets/img/team/Chairman's Video.mp4]
[jainheritageschool.com/assets/img/team/team_3_1.jpg]
[jainheritageschool.com/assets/img/team/team_3_2.jpg]
[jainheritageschool.com/assets/img/team/team_3_3.jpg]
[jainheritageschool.com/assets/img/team/team_3_4.jpg]
[jainheritageschool.com/assets/img/team/team_3_5.jpg]
[jainheritageschool.com/chairmans-message.html]
[jainheritageschool.com/assets/img/bg/career_breadcum_bg.jpg]
[jainheritageschool.com/assets/img/career/career-logo.jpg]
[jainheritageschool.com/pre-primary-teacher.html]
[jainheritageschool.com/primary-teacher.html]
[jainheritageschool.com/academic-coordinator.html]
[jainheritageschool.com/admin-officer.html]
[jainheritageschool.com/web-developer.html]
[jainheritageschool.com/graphic-designer.html]
[jainheritageschool.com/transportation-incharge.html]
[jainheritageschool.com/frontdesk-executive.html]
[jainheritageschool.com/careers.html]
[jainheritageschool.com/accounts-officer.html]
[jainheritageschool.com/assets/img/bg/cbse_affiliation_bg.jpg]
[jainheritageschool.com/assets/img/shape/cta6-shape.png]
[jainheritageschool.com/assets/img/normal/cta_img_7.jpg]
[jainheritageschool.com/cbse-affiliation.html]
[jainheritageschool.com/assets/img/bg/Booklist_breadcumb_bg.jpg]
[jainheritageschool.com/list-of-prescribed-books.html]
[cdn.jsdelivr.net/npm/bootstrap@5.3.2/dist/js/bootstrap.bundle.min.js]
[jainheritageschool.com/assets/img/bg/nohomeworkbreadcumb_bg.jpg]
[jainheritageschool.com/assets/img/normal/cta_img_6.jpg]
[jainheritageschool.com/assets/img/1/decorative.png]
[jainheritageschool.com/no-homework-policy.html]
[jainheritageschool.com/assets/img/bg/institution_tie-ups_breadcum_bg.jpg]
[jainheritageschool.com/assets/img/service/sv-1.jpg]
[jainheritageschool.com/assets/img/service/sv-2.jpg]
[jainheritageschool.com/assets/img/service/sv-3.jpg]
[jainheritageschool.com/assets/img/service/sv-4.jpg]
[jainheritageschool.com/assets/img/bg/category_3_bg.jpg]
[jainheritageschool.com/assets/img/brand/logo_1.jpg]
[jainheritageschool.com/assets/img/brand/logo_2.jpg]
[jainheritageschool.com/assets/img/brand/logo_3.jpg]
[jainheritageschool.com/assets/img/brand/logo_4.jpg]
[jainheritageschool.com/assets/img/brand/logo_5.jpg]
[jainheritageschool.com/institution-tieups.html]
[jainheritageschool.com/assets/img/bg/document_breadcum_bg.jpg]
[cdnjs.cloudflare.com/ajax/libs/animate.css/4.1.1/animate.min.css]
[jainheritageschool.com/eligibility-and-essential-documents.html]
[cdn.jsdelivr.net/npm/bootstrap-icons@1.11.1/font/bootstrap-icons.css]
[jainheritageschool.com/assets/img/bg/interation_breadcum_bg.jpg]
[jainheritageschool.com/assets/img/bg/widget_banner.jpg]
[jainheritageschool.com/schedule-an-interaction.html]
[jainheritageschool.com/assets/img/bg/admission_formbreadcum_bg.jpg]
[cdnjs.cloudflare.com/ajax/libs/aos/2.3.4/aos.css]
[jainheritageschool.com/assets/img/1/Developing-Future-Skills.png]
[jainheritageschool.com/assets/pdf/Admission_Procedure.pdf]
[jainheritageschool.com/assets/img/1/Holistic-Learning.png]
[jainheritageschool.com/assets/pdf/wellness-form.pdf]
[jainheritageschool.com/assets/img/1/International-Curiculum.png]
[jainheritageschool.com/admission-forms.html]
[cdnjs.cloudflare.com/ajax/libs/aos/2.3.4/aos.js]
[jainheritageschool.com/admissions-2026-27/application/wp-content/uploads/2024/08/Campus.jpg]
[jainheritageschool.com/admissions-2026-27/application/comments/feed/index.html]
[jainheritageschool.com/admissions-2026-27/application/feed/index.html]
[jainheritageschool.com/admissions-2026-27/application/wp-json/oembed/1.0/embedbdd1.json]
[jainheritageschool.com/admissions-2026-27/application/wp-json/oembed/1.0/embedc4b1]
[jainheritageschool.com/admissions-2026-27/application/wp-content/themes/astra/assets/css/minified/main.min3593.css]
[jainheritageschool.com/admissions-2026-27/application/wp-content/plugins/elementor/assets/lib/font-awesome/css/all.minae82.css]
[jainheritageschool.com/admissions-2026-27/application/wp-content/plugins/elementor/assets/lib/font-awesome/css/v4-shims.minae82.css]
[jainheritageschool.com/admissions-2026-27/application/wp-content/plugins/metform/public/assets/lib/cute-alert/stylef729.css]
[jainheritageschool.com/admissions-2026-27/application/wp-content/plugins/metform/public/assets/css/text-editorf729.css]
[jainheritageschool.com/admissions-2026-27/application/wp-content/plugins/elementor/assets/css/frontend.minae82.css]
[jainheritageschool.com/admissions-2026-27/application/wp-content/uploads/elementor/css/post-1215ba96.css]
[jainheritageschool.com/admissions-2026-27/application/wp-content/plugins/elementor/assets/lib/animations/styles/fadeInLeft.minae82.css]
[jainheritageschool.com/admissions-2026-27/application/wp-content/plugins/elementor/assets/lib/animations/styles/fadeIn.minae82.css]
[jainheritageschool.com/admissions-2026-27/application/wp-content/plugins/elementor/assets/lib/swiper/v8/css/swiper.min94a4.css]
[jainheritageschool.com/admissions-2026-27/application/wp-content/plugins/elementor/assets/css/conditionals/e-swiper.minae82.css]
[jainheritageschool.com/admissions-2026-27/application/wp-content/plugins/elementor/assets/lib/animations/styles/slideInDown.minae82.css]
[jainheritageschool.com/admissions-2026-27/application/wp-content/plugins/elementor/assets/css/widget-heading.minae82.css]
[jainheritageschool.com/admissions-2026-27/application/wp-content/plugins/elementor/assets/lib/animations/styles/fadeInDown.minae82.css]
[jainheritageschool.com/admissions-2026-27/application/wp-content/plugins/elementor/assets/lib/animations/styles/zoomIn.minae82.css]
[jainheritageschool.com/admissions-2026-27/application/wp-content/plugins/elementor/assets/css/widget-divider.minae82.css]
[jainheritageschool.com/admissions-2026-27/application/wp-content/plugins/elementor/assets/css/widget-image.minae82.css]
[jainheritageschool.com/admissions-2026-27/application/wp-content/plugins/elementor/assets/lib/animations/styles/fadeInUp.minae82.css]
[jainheritageschool.com/admissions-2026-27/application/wp-content/plugins/elementor/assets/css/widget-icon-box.minae82.css]
[jainheritageschool.com/admissions-2026-27/application/wp-content/plugins/elementor/assets/lib/animations/styles/slideInUp.minae82.css]
[jainheritageschool.com/admissions-2026-27/application/wp-content/plugins/elementor/assets/css/widget-image-carousel.minae82.css]
[jainheritageschool.com/admissions-2026-27/application/wp-content/uploads/elementor/css/post-1610ba96.css]
[jainheritageschool.com/admissions-2026-27/application/wp-content/uploads/elementor/google-fonts/css/robotoe110.css]
[jainheritageschool.com/admissions-2026-27/application/wp-content/uploads/elementor/google-fonts/css/robotoslab6a52.css]
[jainheritageschool.com/admissions-2026-27/application/wp-content/uploads/elementor/google-fonts/css/poppins4743.css]
[jainheritageschool.com/admissions-2026-27/application/wp-includes/js/jquery/jquery.minf43b.js]
[jainheritageschool.com/admissions-2026-27/application/wp-includes/js/jquery/jquery-migrate.min5589.js]
[jainheritageschool.com/admissions-2026-27/application/wp-content/plugins/elementor/assets/lib/font-awesome/js/v4-shims.minae82.js]
[jainheritageschool.com/admissions-2026-27/application/wp-json/wp/v2/pages/1610.json]
[jainheritageschool.com/admissions-2026-27/application/wp-json/index.html]
[jainheritageschool.com/admissions-2026-27/application/xmlrpc0db0.php]
[jainheritageschool.com/admissions-2026-27/application/wp-content/uploads/2024/08/Campus-1024x576.jpg]
[jainheritageschool.com/admissions-2026-27/application/wp-content/uploads/2024/08/img01.jpg]
[jainheritageschool.com/admissions-2026-27/application/wp-content/uploads/2024/08/img03-1.jpg]
[jainheritageschool.com/admissions-2026-27/application/wp-content/uploads/2024/08/img02-1-1.jpg]
[jainheritageschool.com/admissions-2026-27/application/wp-content/uploads/2024/08/Dr.-Chenraj-Roychand-1-1024x683.jpg]
[jainheritageschool.com/admissions-2026-27/application/wp-content/uploads/2024/08/Art-Painting.jpg]
[jainheritageschool.com/admissions-2026-27/application/wp-content/uploads/2024/08/Clay-Modeling.jpg]
[jainheritageschool.com/admissions-2026-27/application/wp-content/uploads/2024/08/Dance.jpg]
[jainheritageschool.com/admissions-2026-27/application/admissions-closing/index.html]
[jainheritageschool.com/admissions-2026-27/application/wp-content/uploads/2024/08/Music.jpg]
[jainheritageschool.com/admissions-2026-27/application/wp-content/uploads/2024/08/Sports.jpg]
[jainheritageschool.com/admissions-2026-27/application/wp-content/uploads/2024/08/About-Jain-Heritage-School-1024x683.jpg]
[jainheritageschool.com/admissions-2026-27/application/thank-you/index.html]
[jainheritageschool.com/admissions-2026-27/application/wp-content/plugins/creative-mail-by-constant-contact/assets/js/block/submitd120.js]
[jainheritageschool.com/admissions-2026-27/application/wp-content/themes/astra/assets/js/minified/frontend.min3593.js]
[jainheritageschool.com/admissions-2026-27/application/wp-content/plugins/metform/public/assets/lib/cute-alert/cute-alertf729.js]
[jainheritageschool.com/admissions-2026-27/application/wp-content/plugins/elementor/assets/js/webpack.runtime.minae82.js]
[jainheritageschool.com/admissions-2026-27/application/wp-content/plugins/elementor/assets/js/frontend-modules.minae82.js]
[jainheritageschool.com/admissions-2026-27/application/wp-includes/js/jquery/ui/core.minb37e.js]
[jainheritageschool.com/admissions-2026-27/application/wp-content/plugins/elementor/assets/js/frontend.minae82.js]
[jainheritageschool.com/admissions-2026-27/application/index.html]
[jainheritageschool.com/admissions-2026-27/application/wp-content/plugins/elementor/assets/lib/swiper/v8/swiper.min94a4.js]
[jainheritageschool.com/assets/img/bg/mandatory_dis_breadcum_bg.jpg]
[jainheritageschool.com/assets/img/1/Document-page.jpg]
[jainheritageschool.com/assets/pdf/mandatory_discloser/CBSE_Affiliation_24-25.pdf]
[jainheritageschool.com/assets/pdf/mandatory_discloser/1_ARKA_Trust-Deed.pdf]
[jainheritageschool.com/assets/pdf/mandatory_discloser/JHS_Whitefield_NOC_002287_202334371.pdf]
[jainheritageschool.com/assets/pdf/mandatory_discloser/State-Recognition_Notaized.pdf]
[jainheritageschool.com/assets/pdf/mandatory_discloser/JHS_WHITEFIELD_BUILDING_STABILITY_PWD_Notarized.pdf]
[jainheritageschool.com/assets/pdf/mandatory_discloser/Fire-Safety-Certificate.pdf]
[jainheritageschool.com/assets/pdf/mandatory_discloser/GetSelfCertificationPdf.pdf]
[jainheritageschool.com/assets/pdf/mandatory_discloser/jhs_health-and_sanitary-certifiate.pdf]
[jainheritageschool.com/assets/pdf/mandatory_discloser/Water-Testing-Report.pdf]
[jainheritageschool.com/assets/pdf/mandatory_discloser/Fees Structure_2026-2027.pdf]
[jainheritageschool.com/assets/pdf/mandatory_discloser/Master calendar 2025-26.pdf]
[jainheritageschool.com/assets/pdf/mandatory_discloser/SMC-members.pdf]
[jainheritageschool.com/assets/pdf/mandatory_discloser/PTA.pdf]
[jainheritageschool.com/assets/pdf/mandatory_discloser/teachers-details.pdf]
[jainheritageschool.com/assets/pdf/mandatory_discloser/School-strength.pdf]
[jainheritageschool.com/assets/pdf/mandatory_discloser/Infrastructure-Details.pdf]
[jainheritageschool.com/assets/pdf/mandatory_discloser/Non-Proprietory-Affidavit.pdf]
[jainheritageschool.com/assets/pdf/mandatory_discloser/TC_BLANK_STS.pdf]
[jainheritageschool.com/mandatory-disclosure.html]
[jainheritageschool.com/assets/img/bg/news_and_events_bg_breadcum.jpg]
[jainheritageschool.com/tempo-event.html]
[jainheritageschool.com/assets/img/bg/photo_and_video_bg_breadcum.jpg]
[jainheritageschool.com/assets/img/gallery/gallery_10_1.jpg]
[jainheritageschool.com/assets/img/gallery/gallery_10_2.jpg]
[jainheritageschool.com/assets/img/gallery/gallery_10_3.jpg]
[jainheritageschool.com/assets/img/gallery/gallery_10_7.jpg]
[jainheritageschool.com/assets/img/gallery/gallery_10_4.jpg]
[jainheritageschool.com/assets/img/gallery/gallery_10_6.jpg]
[jainheritageschool.com/assets/img/gallery/gallery_10_8.jpg]
[jainheritageschool.com/assets/img/gallery/gallery_10_5.jpg]
[jainheritageschool.com/assets/img/gallery/gallery_11_1.jpg]
[jainheritageschool.com/assets/img/gallery/gallery_11.jpg]
[jainheritageschool.com/assets/img/gallery/gallery_10_9.jpg]
[jainheritageschool.com/my-account.html]
[jainheritageschool.com/gallery.html]
[jainheritageschool.com/assets/img/bg/newsletter_bg_breadcum.jpg]
[jainheritageschool.com/assets/img/newsletter/newsletter_01.jpg]
[jainheritageschool.com/assets/newsletters/newsletter-jan-2025.pdf]
[jainheritageschool.com/assets/img/newsletter/newsletter_02.jpg]
[jainheritageschool.com/assets/newsletters/newsletter-feb-2025.pdf]
[jainheritageschool.com/assets/img/newsletter/newsletter_03.jpg]
[jainheritageschool.com/assets/newsletters/newsletter-mar-2025.pdf]
[jainheritageschool.com/assets/img/newsletter/newsletter_04.jpg]
[jainheritageschool.com/assets/newsletters/newsletter-apr-2025.pdf]
[jainheritageschool.com/assets/img/icon/right-arrow2.svg]
[jainheritageschool.com/assets/img/icon/left-arrow2.svg]
[jainheritageschool.com/assets/img/bg/contact_bg_2.jpg]
[jainheritageschool.com/assets/img/icon/user.svg]
[jainheritageschool.com/assets/img/icon/mail.svg]
[jainheritageschool.com/assets/img/icon/chat.svg]
[jainheritageschool.com/assets/pdf/Dasara Docket.pdf]
[jainheritageschool.com/assets/pdf/Ugadi Docket.pdf]
[jainheritageschool.com/assets/pdf/Sankranti Docket.pdf]
[jainheritageschool.com/newsletter.html]
[jainheritageschool.com/assets/img/bg/press_release_bg.jpg]
[jainheritageschool.com/press-release.html]
[jainheritageschool.com/assets/img/bg/blogs_grid_bg.jpg]
[jainheritageschool.com/best-ai-tools-for-education.html]
[jainheritageschool.com/assets/img/blog/blog_1_1.jpg]
[jainheritageschool.com/3d-learning-in-education.html]
[jainheritageschool.com/assets/img/blog/blog_1_2.jpg]
[jainheritageschool.com/ai-ethics-in-education.html]
[jainheritageschool.com/assets/img/blog/blog_1_3.jpg]
[jainheritageschool.com/types-of-food-chain-explained-for-kids.html]
[jainheritageschool.com/assets/img/blog/blog_1_4.jpg]
[jainheritageschool.com/safety-guidelines-for-students.html]
[jainheritageschool.com/assets/img/blog/blog_1_5.jpg]
[jainheritageschool.com/good-habits-for-students-daily-practices.html]
[jainheritageschool.com/assets/img/blog/blog_1_6.jpg]
[jainheritageschool.com/personal-grooming-tips-for-students.html]
[jainheritageschool.com/assets/img/blog/blog_1_7.jpg]
[jainheritageschool.com/months-name-learn-all-12-months-in-order.html]
[jainheritageschool.com/assets/img/blog/blog_1_8.jpg]
[jainheritageschool.com/icse-vs-cbse-which-board-is-better-for-your-child.html]
[jainheritageschool.com/assets/img/blog/Blog 3.jpg]
[jainheritageschool.com/assets/img/blog/blog_1_9.jpg]
[jainheritageschool.com/blog-grid.html]
[jainheritageschool.com/assets/img/bg/faqs_breadcum_bg.jpg]
[jainheritageschool.com/faq.html]
[jainheritageschool.com/assets/img/bg/learning_resource_bg.jpg]
[jainheritageschool.com/assets/img/normal/about_4_1.jpg]
[jainheritageschool.com/assets/img/normal/about_4_2.jpg]
[jainheritageschool.com/assets/img/icon/shield.svg]
[jainheritageschool.com/assets/img/shape/about-5-shape.png]
[jainheritageschool.com/assets/img/testimonial/testi-img-1.jpg]
[jainheritageschool.com/assets/img/testimonial/testi-img-2.jpg]
[jainheritageschool.com/learning-resource-center.html]
[jainheritageschool.com/assets/img/bg/Learning_labs_bg_breadcum.jpg]
[jainheritageschool.com/assets/img/service/sv-sm-1.jpg]
[jainheritageschool.com/assets/img/service/sv-sm-2.jpg]
[jainheritageschool.com/assets/img/service/sv-sm-3.jpg]
[jainheritageschool.com/assets/img/service/sv-sm-4.jpg]
[jainheritageschool.com/assets/img/project/project-dsc.jpg]
[jainheritageschool.com/learning-labs.html]
[jainheritageschool.com/assets/img/bg/finearts_bg_breadcum.jpg]
[jainheritageschool.com/assets/img/service/sv-6.jpg]
[jainheritageschool.com/assets/img/service/Painting.jpg]
[jainheritageschool.com/assets/img/service/Sculpture.jpg]
[jainheritageschool.com/assets/img/service/mime.jpg]
[jainheritageschool.com/assets/img/service/digitalart.jpg]
[jainheritageschool.com/art-and-finearts-studio.html]
[cdnjs.cloudflare.com/ajax/libs/wow/1.1.2/wow.min.js]
[jainheritageschool.com/assets/img/bg/transportation_bg_breadcum.jpg]
[jainheritageschool.com/assets/img/service/service_2_1.jpg]
[jainheritageschool.com/assets/img/icon/sv-6-1.svg]
[jainheritageschool.com/assets/img/service/service_2_2.jpg]
[jainheritageschool.com/assets/img/icon/sv-6-2.svg]
[jainheritageschool.com/assets/img/service/service_2_3.jpg]
[jainheritageschool.com/assets/img/icon/sv-6-3.svg]
[jainheritageschool.com/assets/img/normal/testi-img.png]
[jainheritageschool.com/assets/img/icon/menu2.svg]
[jainheritageschool.com/assets/img/icon/counter13-icon.svg]
[jainheritageschool.com/assets/img/user-01_generated.jpg]
[jainheritageschool.com/assets/img/icon/fea-4-3.svg]
[jainheritageschool.com/assets/img/normal/about_16_1.jpg]
[jainheritageschool.com/assets/img/normal/about_16_2.jpg]
[jainheritageschool.com/assets/img/normal/about_16_3.jpg]
[jainheritageschool.com/assets/img/bg/contact_bg_5.jpg]
[jainheritageschool.com/assets/Video/40 sec .mp4]
[jainheritageschool.com/assets/img/icon/call.svg]
[jainheritageschool.com/assets/img/transportation/RFID-1.jpg]
[jainheritageschool.com/assets/img/transportation/RFID-2.jpg]
[jainheritageschool.com/assets/img/transportation/RFID-3.jpg]
[jainheritageschool.com/assets/img/transportation/RFID-4.jpg]
[jainheritageschool.com/assets/img/shape/blog-1-shape.png]
[jainheritageschool.com/transportation.html]
[jainheritageschool.com/assets/img/bg/meal_plan_breadcum_bg.jpg]
[jainheritageschool.com/assets/img/brand/Sodexo_logo.jpg]
[jainheritageschool.com/assets/pdf/Sample_Menu.pdf]
[jainheritageschool.com/assets/img/category/category_1_1.jpg]
[jainheritageschool.com/assets/img/category/category_1_2.jpg]
[jainheritageschool.com/assets/img/category/category_1_3.jpg]
[jainheritageschool.com/assets/img/meal/meal-main.jpg]
[jainheritageschool.com/meal-plan.html]
[jainheritageschool.com/assets/img/bg/health_braeadcum_bg.jpg]
[jainheritageschool.com/assets/img/health service/case_2_8.jpg]
[jainheritageschool.com/assets/img/health service/case_2_9.jpg]
[jainheritageschool.com/assets/img/health service/case_2_10.jpg]
[jainheritageschool.com/assets/img/health service/ab_12_2.jpg]
[jainheritageschool.com/health-services.html]
[jainheritageschool.com/assets/img/bg/circletim_breadcum_bg.jpg]
[jainheritageschool.com/assets/img/circle-time/circle-moment.jpg]
[cdnjs.cloudflare.com/ajax/libs/font-awesome/6.5.0/css/all.min.css]
[jainheritageschool.com/assets/img/circletime/1.jpg]
[jainheritageschool.com/assets/img/circletime/2.jpg]
[jainheritageschool.com/assets/img/circletime/3.jpg]
[jainheritageschool.com/assets/img/circletime/5.jpg]
[jainheritageschool.com/assets/img/circletime/6.jpg]
[jainheritageschool.com/circle-time.html]
[jainheritageschool.com/assets/img/bg/clubs_bg_breadcum.jpg]
[jainheritageschool.com/assets/img/clubs/music_club.jpg]
[jainheritageschool.com/assets/img/clubs/art_club.jpg]
[jainheritageschool.com/assets/img/clubs/science_club.jpg]
[jainheritageschool.com/assets/img/clubs/literary_club.jpg]
[jainheritageschool.com/assets/img/clubs/eco_club.jpg]
[jainheritageschool.com/assets/img/clubs/tech_club.jpg]
[jainheritageschool.com/clubs.html]
[jainheritageschool.com/assets/img/bg/supymentaryactivity_breadcum_bg.jpg]
[jainheritageschool.com/assets/downloads/critical-thinking-brochure.pdf]
[jainheritageschool.com/assets/downloads/creative-expression-brochure.pdf]
[jainheritageschool.com/assets/downloads/music-club-guide.pdf]
[jainheritageschool.com/assets/downloads/fitness-wellness-info.pdf]
[jainheritageschool.com/assets/downloads/global-awareness-pack.pdf]
[jainheritageschool.com/assets/downloads/stem-lab-handbook.pdf]
[jainheritageschool.com/assets/downloads/leadership-training-guide.pdf]
[jainheritageschool.com/assets/downloads/environmental-club-brochure.pdf]
[jainheritageschool.com/supplymentary-activities.html]
[jainheritageschool.com/assets/img/bg/field_trip_breadcum_bg.jpg]
[jainheritageschool.com/assets/img/fieldtrips/img_1.jpg]
[jainheritageschool.com/assets/img/fieldtrips/img_2.jpg]
[jainheritageschool.com/assets/img/fieldtrips/img_3.jpg]
[jainheritageschool.com/assets/img/fieldtrips/fieldtrips_1.jpg]
[jainheritageschool.com/assets/img/fieldtrips/fieldtrips.jpg]
[jainheritageschool.com/assets/img/fieldtrips/farm.jpg]
[jainheritageschool.com/assets/img/fieldtrips/musume.jpg]
[jainheritageschool.com/assets/img/fieldtrips/planataurium.jpg]
[jainheritageschool.com/assets/img/fieldtrips/agrifarm.jpg]
[jainheritageschool.com/field-trips.html]
[jainheritageschool.com/assets/img/bg/sports_breadcum_bg.jpg]
[jainheritageschool.com/assets/img/sportspage/image_1.jpg]
[jainheritageschool.com/assets/img/sportspage/image_2.jpg]
[jainheritageschool.com/assets/img/sportspage/image_3.jpg]
[jainheritageschool.com/assets/img/sportspage/daycare.jpg]
[jainheritageschool.com/assets/img/sportspage/football.jpg]
[jainheritageschool.com/assets/img/sportspage/basketball.jpg]
[jainheritageschool.com/assets/img/sportspage/swimming.jpg]
[jainheritageschool.com/assets/img/sportspage/taekwondo.jpg]
[jainheritageschool.com/assets/img/sportspage/cricket.jpg]
[jainheritageschool.com/assets/img/sportspage/badminton.jpg]
[jainheritageschool.com/assets/img/sportspage/karate.jpg]
[jainheritageschool.com/assets/img/sportspage/yoga.jpg]
[jainheritageschool.com/assets/img/sports/training.jpg]
[jainheritageschool.com/assets/img/sports/award1.jpg]
[jainheritageschool.com/assets/img/sports/award2.jpg]
[jainheritageschool.com/assets/img/sports/award3.jpg]
[jainheritageschool.com/summer-camp-and-sports-training.html]
[jainheritageschool.com/assets/img/bg/contact_us_bg_breadcum.jpg]
[jainheritageschool.com/contact-us.html]
[jainheritageschool.com/assets/img/icon/location-dot3.svg]
[jainheritageschool.com/assets/img/logo.svg]
[jainheritageschool.com/admissions-2026-27/i]
[jainheritageschool.com/admissions-2026-27/index.html]
[jainheritageschool.com/assets/img/icon/feature_1_1.svg]
[jainheritageschool.com/assets/img/icon/feature_1_2.svg]
[jainheritageschool.com/assets/img/icon/feature_1_3.svg]
[jainheritageschool.com/assets/img/icon/map3.svg]
[jainheritageschool.com/assets/img/icon/guide.svg]
[jainheritageschool.com/assets/img/icon/fea-3-1.svg]
[jainheritageschool.com/assets/img/icon/fea-3-2.svg]
[jainheritageschool.com/assets/img/icon/fea-3-3.svg]
[jainheritageschool.com/assets/img/icon/th-shield.svg]
[jainheritageschool.com/assets/img/icon/about_card_1.svg]
[jainheritageschool.com/assets/img/icon/about_card_2.svg]
[jainheritageschool.com/assets/img/icon/about_card_3.svg]
[jainheritageschool.com/assets/img/logo-icon.svg]
[jainheritageschool.com/assets/img/icon/testi-quote.svg]
[jainheritageschool.com/assets/img/bg/blog_details_bg_beradcum.jpg]
[jainheritageschool.com/assets/img/blog/Life-Skills-Education_Blog_856X450.jpg]
[jainheritageschool.com/admissions-2026-27/Firefox/index.html]
[jainheritageschool.com/assets/img/icon/map.svg]
[jainheritageschool.com/assets/img/icon/plane2.svg]
[jainheritageschool.com/questions-parents-should-ask-before-choosing-a-school.html]
[jainheritageschool.com/artificial-intelligence-advantages-disadvantages-education.html]
[jainheritageschool.com/lifelong-skills-children-learn-through-steam-education.html]
[jainheritageschool.com/assets/img/blog/Life-Skills-Education2_416X350.jpg]
[jainheritageschool.com/assets/img/blog/Life-Skills-Education1_416X350.jpg]
[jainheritageschool.com/life-skills-education-importance-for-students.html]
[jainheritageschool.com/assets/img/blog/21st-Century_Blog_856X450.jpg]
[jainheritageschool.com/assets/img/blog/21st-Century-Skills1_416X350.jpg]
[jainheritageschool.com/assets/img/blog/21st-Century-Skills2_416X350.jpg]
[jainheritageschool.com/21st-century-skills-every-student-needs.html]
[jainheritageschool.com/assets/img/blog/Al-in-Education_Blog_856X450.jpg]
[jainheritageschool.com/assets/img/blog/AI-in-Education1_416X350.jpg]
[jainheritageschool.com/assets/img/blog/AI-in-Education2_416X350.jpg]
[jainheritageschool.com/ai-in-education-future-of-learning-and-teaching.html]
[jainheritageschool.com/assets/img/blog/blog-s-1-10.jpg]
[jainheritageschool.com/assets/img/blog/blog_inner_1.jpg]
[jainheritageschool.com/assets/img/blog/blog_inner_2.jpg]
[jainheritageschool.com/freedom-fighters-of-india.html]
[jainheritageschool.com/assets/img/blog/blog-s-1-11.jpg]
[jainheritageschool.com/assets/img/blog/comment-author-1.jpg]
[jainheritageschool.com/assets/img/blog/comment-author-2.jpg]
[jainheritageschool.com/assets/img/blog/comment-author-3.jpg]
[jainheritageschool.com/national-mathematics-day-ramanujan-legacy.html]
[jainheritageschool.com/assets/img/icon/plane.svg]
[jainheritageschool.com/assets/img/logo3.svg]
[jainheritageschool.com/assets/img/icon/phone.svg]
[jainheritageschool.com/assets/img/icon/envelope.svg]
[jainheritageschool.com/assets/img/icon/location-dot.svg]
[jainheritageschool.com/terms-and-conditions.html]
[jainheritageschool.com/privacy-policy.html]
[jainheritageschool.com/assets/img/icon/arrow-right3.svg]
[jainheritageschool.com/assets/img/icon/checkmark.svg]
[jainheritageschool.com/assets/img/icon/price-check.svg]
[jainheritageschool.com/assets/img/normal/price-shape.html]
[jainheritageschool.com/assets/img/normal/price-shape2.html]
[jainheritageschool.com/assets/img/icon/price-check2.svg]
[jainheritageschool.com/assets/img/icon/arrow-right2.svg]
[jainheritageschool.com/assets/css/path_to_image.html]
[jainheritageschool.com/assets/img/normal/shape.html]
[jainheritageschool.com/assets/img/blog/recent-post-1-1.html]
[jainheritageschool.com/assets/img/blog/recent-post-1-2.html]
[jainheritageschool.com/assets/img/icon/headphone.svg]
[jainheritageschool.com/assets/img/icon/history_1_2.svg]
[jainheritageschool.com/assets/img/icon/history_1_1.svg]
[jainheritageschool.com/assets/img/icon/service-left.svg]
[jainheritageschool.com/assets/img/icon/service-right.svg]
[jainheritageschool.com/pre-primary-teacher.html]
[jainheritageschool.com/primary-teacher.html]
[jainheritageschool.com/academic-coordinator.html]
[jainheritageschool.com/admin-officer.html]
[jainheritageschool.com/web-developer.html]
[jainheritageschool.com/graphic-designer.html]
[jainheritageschool.com/transportation-incharge.html]
[jainheritageschool.com/news-and-events.html]
[jainheritageschool.com/frontend-executive.html]
[jainheritageschool.com/frontdesk-executive.html]
[jainheritageschool.com/accounts-officer.html]
[cdnjs.cloudflare.com/ajax/libs/animate.css/4.1.1/animate.min.css]
[cdn.jsdelivr.net/npm/bootstrap-icons@1.11.1/font/fonts/bootstrap-iconsafdf.woff2]
[cdn.jsdelivr.net/npm/bootstrap-icons@1.11.1/font/fonts/bootstrap-iconsafdf.woff]
[cdn.jsdelivr.net/npm/bootstrap-icons@1.11.1/font/bootstrap-icons.css]
[cdnjs.cloudflare.com/ajax/libs/aos/2.3.4/aos.css]
[jainheritageschool.com/admissions-2026-27/application/wp-content/themes/astra/assets/css/minified/main.min3593.css]
[jainheritageschool.com/admissions-2026-27/application/wp-content/plugins/elementor/assets/lib/font-awesome/webfonts/fa-brands-400.eot]
[jainheritageschool.com/admissions-2026-27/application/wp-content/plugins/elementor/assets/lib/font-awesome/webfonts/fa-brands-400d41d.eot]
[jainheritageschool.com/admissions-2026-27/application/wp-content/plugins/elementor/assets/lib/font-awesome/webfonts/fa-brands-400.woff2]
[jainheritageschool.com/admissions-2026-27/application/wp-content/plugins/elementor/assets/lib/font-awesome/webfonts/fa-brands-400.woff]
[jainheritageschool.com/admissions-2026-27/application/wp-content/plugins/elementor/assets/lib/font-awesome/webfonts/fa-brands-400.ttf]
[jainheritageschool.com/admissions-2026-27/application/wp-content/plugins/elementor/assets/lib/font-awesome/webfonts/fa-brands-400.svg]
[jainheritageschool.com/admissions-2026-27/application/wp-content/plugins/elementor/assets/lib/font-awesome/webfonts/fa-regular-400.eot]
[jainheritageschool.com/admissions-2026-27/application/wp-content/plugins/elementor/assets/lib/font-awesome/webfonts/fa-regular-400d41d.eot]
[jainheritageschool.com/admissions-2026-27/application/wp-content/plugins/elementor/assets/lib/font-awesome/webfonts/fa-regular-400.woff2]
[jainheritageschool.com/admissions-2026-27/application/wp-content/plugins/elementor/assets/lib/font-awesome/webfonts/fa-regular-400.woff]
[jainheritageschool.com/admissions-2026-27/application/wp-content/plugins/elementor/assets/lib/font-awesome/webfonts/fa-regular-400.ttf]
[jainheritageschool.com/admissions-2026-27/application/wp-content/plugins/elementor/assets/lib/font-awesome/webfonts/fa-regular-400.svg]
[jainheritageschool.com/admissions-2026-27/application/wp-content/plugins/elementor/assets/lib/font-awesome/webfonts/fa-solid-900.eot]
[jainheritageschool.com/admissions-2026-27/application/wp-content/plugins/elementor/assets/lib/font-awesome/webfonts/fa-solid-900d41d.eot]
[jainheritageschool.com/admissions-2026-27/application/wp-content/plugins/elementor/assets/lib/font-awesome/webfonts/fa-solid-900.woff2]
[jainheritageschool.com/admissions-2026-27/application/wp-content/plugins/elementor/assets/lib/font-awesome/webfonts/fa-solid-900.woff]
[jainheritageschool.com/admissions-2026-27/application/wp-content/plugins/elementor/assets/lib/font-awesome/webfonts/fa-solid-900.ttf]
[jainheritageschool.com/admissions-2026-27/application/wp-content/plugins/elementor/assets/lib/font-awesome/css/all.minae82.css]
[jainheritageschool.com/admissions-2026-27/application/wp-content/plugins/elementor/assets/lib/font-awesome/css/v4-shims.minae82.css]
[jainheritageschool.com/admissions-2026-27/application/wp-content/plugins/metform/public/assets/lib/cute-alert/stylef729.css]
[jainheritageschool.com/admissions-2026-27/application/wp-content/plugins/metform/public/assets/css/text-editorf729.css]
[jainheritageschool.com/admissions-2026-27/application/wp-content/plugins/elementor/assets/css/frontend.minae82.css]
[jainheritageschool.com/admissions-2026-27/application/wp-content/uploads/elementor/css/post-1215ba96.css]
[jainheritageschool.com/admissions-2026-27/application/wp-content/plugins/elementor/assets/lib/animations/styles/fadeInLeft.minae82.css]
[jainheritageschool.com/admissions-2026-27/application/wp-content/plugins/elementor/assets/lib/animations/styles/fadeIn.minae82.css]
[jainheritageschool.com/admissions-2026-27/application/wp-content/plugins/elementor/assets/lib/swiper/v8/css/swiper.min94a4.css]
[jainheritageschool.com/admissions-2026-27/application/wp-content/plugins/elementor/assets/css/conditionals/e-swiper.minae82.css]
[jainheritageschool.com/admissions-2026-27/application/wp-content/plugins/elementor/assets/lib/animations/styles/slideInDown.minae82.css]
[jainheritageschool.com/admissions-2026-27/application/wp-content/plugins/elementor/assets/css/widget-heading.minae82.css]
[jainheritageschool.com/admissions-2026-27/application/wp-content/plugins/elementor/assets/lib/animations/styles/fadeInDown.minae82.css]
[jainheritageschool.com/admissions-2026-27/application/wp-content/plugins/elementor/assets/lib/animations/styles/zoomIn.minae82.css]
[jainheritageschool.com/admissions-2026-27/application/wp-content/plugins/elementor/assets/css/widget-divider.minae82.css]
[jainheritageschool.com/admissions-2026-27/application/wp-content/plugins/elementor/assets/css/widget-image.minae82.css]
[jainheritageschool.com/admissions-2026-27/application/wp-content/plugins/elementor/assets/lib/animations/styles/fadeInUp.minae82.css]
[jainheritageschool.com/admissions-2026-27/application/wp-content/plugins/elementor/assets/css/widget-icon-box.minae82.css]
[jainheritageschool.com/admissions-2026-27/application/wp-content/plugins/elementor/assets/lib/animations/styles/slideInUp.minae82.css]
[jainheritageschool.com/admissions-2026-27/application/wp-content/plugins/elementor/assets/css/widget-image-carousel.minae82.css]
[jainheritageschool.com/admissions-2026-27/application/wp-content/plugins/elementor/assets/lib/font-awesome/webfonts/fa-solid-900.svg]
[jainheritageschool.com/admissions-2026-27/application/wp-content/uploads/2024/08/section_bg.jpg]
[jainheritageschool.com/admissions-2026-27/application/wp-content/uploads/elementor/css/post-1610ba96.css]
[jainheritageschool.com/admissions-2026-27/application/wp-content/uploads/elementor/google-fonts/fonts/roboto-835ffea9.woff2]
[jainheritageschool.com/admissions-2026-27/application/wp-content/uploads/elementor/google-fonts/fonts/roboto-e11fa48e.woff2]
[jainheritageschool.com/admissions-2026-27/application/wp-content/uploads/elementor/google-fonts/fonts/roboto-7226307b.woff2]
[jainheritageschool.com/admissions-2026-27/application/wp-content/uploads/elementor/google-fonts/fonts/roboto-74bd1011.woff2]
[jainheritageschool.com/admissions-2026-27/application/wp-content/uploads/elementor/google-fonts/fonts/roboto-29afb485.woff2]
[jainheritageschool.com/admissions-2026-27/application/wp-content/uploads/elementor/google-fonts/fonts/roboto-3d87aca9.woff2]
[jainheritageschool.com/admissions-2026-27/application/wp-content/uploads/elementor/google-fonts/fonts/roboto-ef8e8afd.woff2]
[jainheritageschool.com/admissions-2026-27/application/wp-content/uploads/elementor/google-fonts/fonts/roboto-60dc4b6f.woff2]
[jainheritageschool.com/admissions-2026-27/application/wp-content/uploads/elementor/google-fonts/fonts/roboto-f8743e4d.woff2]
[jainheritageschool.com/admissions-2026-27/application/wp-content/uploads/elementor/google-fonts/fonts/roboto-9f01c202.woff2]
[jainheritageschool.com/admissions-2026-27/application/wp-content/uploads/elementor/google-fonts/fonts/roboto-82ad1387.woff2]
[jainheritageschool.com/admissions-2026-27/application/wp-content/uploads/elementor/google-fonts/fonts/roboto-724acd83.woff2]
[jainheritageschool.com/admissions-2026-27/application/wp-content/uploads/elementor/google-fonts/fonts/roboto-aeb7f52d.woff2]
[jainheritageschool.com/admissions-2026-27/application/wp-content/uploads/elementor/google-fonts/fonts/roboto-4d1fb646.woff2]
[jainheritageschool.com/admissions-2026-27/application/wp-content/uploads/elementor/google-fonts/fonts/roboto-b0264ac9.woff2]
[jainheritageschool.com/admissions-2026-27/application/wp-content/uploads/elementor/google-fonts/fonts/roboto-bb0d2555.woff2]
[jainheritageschool.com/admissions-2026-27/application/wp-content/uploads/elementor/google-fonts/fonts/roboto-c6d65aea.woff2]
[jainheritageschool.com/admissions-2026-27/application/wp-content/uploads/elementor/google-fonts/css/robotoe110.css]
[jainheritageschool.com/admissions-2026-27/application/wp-content/uploads/elementor/google-fonts/fonts/roboto-1abb80a1.woff2]
[jainheritageschool.com/admissions-2026-27/application/wp-content/uploads/elementor/google-fonts/fonts/robotoslab-56de4385.woff2]
[jainheritageschool.com/admissions-2026-27/application/wp-content/uploads/elementor/google-fonts/fonts/robotoslab-fa7c06b8.woff2]
[jainheritageschool.com/admissions-2026-27/application/wp-content/uploads/elementor/google-fonts/fonts/robotoslab-ca82665f.woff2]
[jainheritageschool.com/admissions-2026-27/application/wp-content/uploads/elementor/google-fonts/fonts/robotoslab-cb40bc4b.woff2]
[jainheritageschool.com/admissions-2026-27/application/wp-content/uploads/elementor/google-fonts/fonts/robotoslab-429238b9.woff2]
[jainheritageschool.com/admissions-2026-27/application/wp-content/uploads/elementor/google-fonts/fonts/robotoslab-ef584ac5.woff2]
[jainheritageschool.com/admissions-2026-27/application/wp-content/uploads/elementor/google-fonts/css/robotoslab6a52.css]
[jainheritageschool.com/admissions-2026-27/application/wp-content/uploads/elementor/google-fonts/fonts/robotoslab-c5e794db.woff2]
[jainheritageschool.com/admissions-2026-27/application/wp-content/uploads/elementor/google-fonts/fonts/poppins-ae447c40.woff2]
[jainheritageschool.com/admissions-2026-27/application/wp-content/uploads/elementor/google-fonts/fonts/poppins-1ba77177.woff2]
[jainheritageschool.com/admissions-2026-27/application/wp-content/uploads/elementor/google-fonts/fonts/poppins-a18f02d9.woff2]
[jainheritageschool.com/admissions-2026-27/application/wp-content/uploads/elementor/google-fonts/fonts/poppins-96dcdbfb.woff2]
[jainheritageschool.com/admissions-2026-27/application/wp-content/uploads/elementor/google-fonts/fonts/poppins-a2613ad4.woff2]
[jainheritageschool.com/admissions-2026-27/application/wp-content/uploads/elementor/google-fonts/fonts/poppins-4eaf914b.woff2]
[jainheritageschool.com/admissions-2026-27/application/wp-content/uploads/elementor/google-fonts/fonts/poppins-95d1147c.woff2]
[jainheritageschool.com/admissions-2026-27/application/wp-content/uploads/elementor/google-fonts/fonts/poppins-a0278d24.woff2]
[jainheritageschool.com/admissions-2026-27/application/wp-content/uploads/elementor/google-fonts/fonts/poppins-b8912fb3.woff2]
[jainheritageschool.com/admissions-2026-27/application/wp-content/uploads/elementor/google-fonts/fonts/poppins-df84a55e.woff2]
[jainheritageschool.com/admissions-2026-27/application/wp-content/uploads/elementor/google-fonts/fonts/poppins-d9ab13ac.woff2]
[jainheritageschool.com/admissions-2026-27/application/wp-content/uploads/elementor/google-fonts/fonts/poppins-32322fa1.woff2]
[jainheritageschool.com/admissions-2026-27/application/wp-content/uploads/elementor/google-fonts/fonts/poppins-3812580e.woff2]
[jainheritageschool.com/admissions-2026-27/application/wp-content/uploads/elementor/google-fonts/fonts/poppins-0c1a9fee.woff2]
[jainheritageschool.com/admissions-2026-27/application/wp-content/uploads/elementor/google-fonts/fonts/poppins-1b4e48a2.woff2]
[jainheritageschool.com/admissions-2026-27/application/wp-content/uploads/elementor/google-fonts/fonts/poppins-e98eda6d.woff2]
[jainheritageschool.com/admissions-2026-27/application/wp-content/uploads/elementor/google-fonts/fonts/poppins-4702519f.woff2]
[jainheritageschool.com/admissions-2026-27/application/wp-content/uploads/elementor/google-fonts/fonts/poppins-6a247629.woff2]
[jainheritageschool.com/admissions-2026-27/application/wp-content/uploads/elementor/google-fonts/fonts/poppins-09f830f7.woff2]
[jainheritageschool.com/admissions-2026-27/application/wp-content/uploads/elementor/google-fonts/fonts/poppins-2f0e6353.woff2]
[jainheritageschool.com/admissions-2026-27/application/wp-content/uploads/elementor/google-fonts/fonts/poppins-830a0ca7.woff2]
[jainheritageschool.com/admissions-2026-27/application/wp-content/uploads/elementor/google-fonts/fonts/poppins-b2445b9c.woff2]
[jainheritageschool.com/admissions-2026-27/application/wp-content/uploads/elementor/google-fonts/fonts/poppins-a37a8ffc.woff2]
[jainheritageschool.com/admissions-2026-27/application/wp-content/uploads/elementor/google-fonts/fonts/poppins-a3de22ad.woff2]
[jainheritageschool.com/admissions-2026-27/application/wp-content/uploads/elementor/google-fonts/fonts/poppins-4667070e.woff2]
[jainheritageschool.com/admissions-2026-27/application/wp-content/uploads/elementor/google-fonts/fonts/poppins-0e5be173.woff2]
[jainheritageschool.com/admissions-2026-27/application/wp-content/uploads/elementor/google-fonts/fonts/poppins-07bd83c6.woff2]
[jainheritageschool.com/admissions-2026-27/application/wp-content/uploads/elementor/google-fonts/fonts/poppins-8e5b20a6.woff2]
[jainheritageschool.com/admissions-2026-27/application/wp-content/uploads/elementor/google-fonts/fonts/poppins-8d45c5f8.woff2]
[jainheritageschool.com/admissions-2026-27/application/wp-content/uploads/elementor/google-fonts/fonts/poppins-ba429409.woff2]
[jainheritageschool.com/admissions-2026-27/application/wp-content/uploads/elementor/google-fonts/fonts/poppins-900db850.woff2]
[jainheritageschool.com/admissions-2026-27/application/wp-content/uploads/elementor/google-fonts/fonts/poppins-22c4c07f.woff2]
[jainheritageschool.com/admissions-2026-27/application/wp-content/uploads/elementor/google-fonts/fonts/poppins-6a4ef3ad.woff2]
[jainheritageschool.com/admissions-2026-27/application/wp-content/uploads/elementor/google-fonts/fonts/poppins-0596432c.woff2]
[jainheritageschool.com/admissions-2026-27/application/wp-content/uploads/elementor/google-fonts/fonts/poppins-01952428.woff2]
[jainheritageschool.com/admissions-2026-27/application/wp-content/uploads/elementor/google-fonts/fonts/poppins-4348c405.woff2]
[jainheritageschool.com/admissions-2026-27/application/wp-content/uploads/elementor/google-fonts/fonts/poppins-08a9d090.woff2]
[jainheritageschool.com/admissions-2026-27/application/wp-content/uploads/elementor/google-fonts/fonts/poppins-25f6a6d7.woff2]
[jainheritageschool.com/admissions-2026-27/application/wp-content/uploads/elementor/google-fonts/fonts/poppins-e215b6a9.woff2]
[jainheritageschool.com/admissions-2026-27/application/wp-content/uploads/elementor/google-fonts/fonts/poppins-19faf36e.woff2]
[jainheritageschool.com/admissions-2026-27/application/wp-content/uploads/elementor/google-fonts/fonts/poppins-1185dc6d.woff2]
[jainheritageschool.com/admissions-2026-27/application/wp-content/uploads/elementor/google-fonts/fonts/poppins-ae4d1a33.woff2]
[jainheritageschool.com/admissions-2026-27/application/wp-content/uploads/elementor/google-fonts/fonts/poppins-e84726c3.woff2]
[jainheritageschool.com/admissions-2026-27/application/wp-content/uploads/elementor/google-fonts/fonts/poppins-db01bbbc.woff2]
[jainheritageschool.com/admissions-2026-27/application/wp-content/uploads/elementor/google-fonts/fonts/poppins-95fdc599.woff2]
[jainheritageschool.com/admissions-2026-27/application/wp-content/uploads/elementor/google-fonts/fonts/poppins-7be2a916.woff2]
[jainheritageschool.com/admissions-2026-27/application/wp-content/uploads/elementor/google-fonts/fonts/poppins-ceb23af3.woff2]
[jainheritageschool.com/admissions-2026-27/application/wp-content/uploads/elementor/google-fonts/fonts/poppins-3a2ac464.woff2]
[jainheritageschool.com/admissions-2026-27/application/wp-content/uploads/elementor/google-fonts/fonts/poppins-47a7ff50.woff2]
[jainheritageschool.com/admissions-2026-27/application/wp-content/uploads/elementor/google-fonts/fonts/poppins-9fb917c7.woff2]
[jainheritageschool.com/admissions-2026-27/application/wp-content/uploads/elementor/google-fonts/fonts/poppins-7623a425.woff2]
[jainheritageschool.com/admissions-2026-27/application/wp-content/uploads/elementor/google-fonts/fonts/poppins-12db5a4d.woff2]
[jainheritageschool.com/admissions-2026-27/application/wp-content/uploads/elementor/google-fonts/fonts/poppins-2ce32018.woff2]
[jainheritageschool.com/admissions-2026-27/application/wp-content/uploads/elementor/google-fonts/fonts/poppins-2bf19588.woff2]
[jainheritageschool.com/admissions-2026-27/application/wp-content/uploads/elementor/google-fonts/css/poppins4743.css]
[jainheritageschool.com/admissions-2026-27/application/wp-json/oembed/1.0/embed678a.json]
[jainheritageschool.com/admissions-2026-27/application/wp-json/oembed/1.0/embed5a79]
[jainheritageschool.com/admissions-2026-27/application/wp-content/plugins/metform/public/assets/css/metform-uif729.css]
[jainheritageschool.com/admissions-2026-27/application/wp-content/plugins/metform/public/assets/css/stylef729.css]
[jainheritageschool.com/admissions-2026-27/application/wp-content/uploads/elementor/css/post-3059bde5.css]
[jainheritageschool.com/admissions-2026-27/application/wp-json/wp/v2/pages/3059.json]
[jainheritageschool.com/admissions-2026-27/application/wp-content/uploads/elementor/css/post-2165bde5.css]
[jainheritageschool.com/admissions-2026-27/application/wp-content/plugins/metform/public/assets/css/flatpickr.minf729.css]
[jainheritageschool.com/admissions-2026-27/application/wp-content/uploads/elementor/google-fonts/css/ibmplexsans0786.css]
[jainheritageschool.com/admissions-2026-27/application/wp-content/plugins/metform/public/assets/js/htmf729.js]
[jainheritageschool.com/admissions-2026-27/application/wp-includes/js/dist/vendor/react.mine1ab.js]
[jainheritageschool.com/admissions-2026-27/application/wp-includes/js/dist/vendor/react-dom.mine1ab.js]
[jainheritageschool.com/admissions-2026-27/application/wp-includes/js/dist/escape-html.minaf01.js]
[jainheritageschool.com/admissions-2026-27/application/wp-includes/js/dist/element.minc5e8.js]
[jainheritageschool.com/admissions-2026-27/application/wp-content/plugins/metform/public/assets/js/appf729.js]
[jainheritageschool.com/admissions-2026-27/application/wp-content/plugins/metform/public/assets/js/widget-forntendf729.js]
[jainheritageschool.com/admissions-2026-27/application/admissions-closing/index.html]
[jainheritageschool.com/admissions-2026-27/application/wp-json/oembed/1.0/embed215f.json]
[jainheritageschool.com/admissions-2026-27/application/wp-json/oembed/1.0/embed21ae]
[jainheritageschool.com/admissions-2026-27/application/wp-content/uploads/elementor/css/post-30618139.css]
[jainheritageschool.com/admissions-2026-27/application/wp-json/wp/v2/pages/3061.json]
[jainheritageschool.com/admissions-2026-27/application/thank-you/index.html]
[jainheritageschool.com/my-account.html]
[jainheritageschool.com/assets/img/newsletter/newsletter_01.html]
[jainheritageschool.com/assets/newsletters/newsletter-jan-2025.html]
[jainheritageschool.com/assets/img/newsletter/newsletter_02.html]
[jainheritageschool.com/assets/newsletters/newsletter-feb-2025.html]
[jainheritageschool.com/assets/img/newsletter/newsletter_03.html]
[jainheritageschool.com/assets/newsletters/newsletter-mar-2025.html]
[jainheritageschool.com/assets/img/newsletter/newsletter_04.html]
[jainheritageschool.com/assets/newsletters/newsletter-apr-2025.html]
[jainheritageschool.com/assets/img/icon/right-arrow2.svg]
[jainheritageschool.com/assets/img/icon/left-arrow2.svg]
[jainheritageschool.com/assets/img/icon/user.svg]
[jainheritageschool.com/assets/img/icon/mail.svg]
[jainheritageschool.com/assets/img/icon/chat.svg]
[jainheritageschool.com/mail.html]
[jainheritageschool.com/assets/img/blog/blog-s-1-1.jpg]
[jainheritageschool.com/assets/img/blog/Blog1_img1.jpg]
[jainheritageschool.com/best-ai-tools-for-education.html]
[jainheritageschool.com/assets/img/blog/Blog1_img2.jpg]
[jainheritageschool.com/assets/images/og-default.jpg]
[jainheritageschool.com/assets/img/favicons/ms-icon-144x144.png]
[jainheritageschool.com/assets/img/blog/blog-s-1-2.jpg]
[jainheritageschool.com/assets/img/blog/Blog2_img1.jpg]
[jainheritageschool.com/assets/img/blog/Blog2_img2.jpg]
[jainheritageschool.com/3d-learning-in-education.html]
[jainheritageschool.com/assets/img/blog/blog-s-1-3.jpg]
[jainheritageschool.com/assets/img/blog/Blog3_img1.jpg]
[jainheritageschool.com/assets/img/blog/Blog3_img2.jpg]
[jainheritageschool.com/ai-ethics-in-education.html]
[jainheritageschool.com/types-of-food-chain-explained.html]
[jainheritageschool.com/assets/img/blog/blog-s-1-4.jpg]
[jainheritageschool.com/assets/img/blog/Food-Chain1_416X350.jpg]
[jainheritageschool.com/assets/img/blog/Food-Chain2_416X350.jpg]
[jainheritageschool.com/assets/img/bg/food_widget_banner.jpg]
[jainheritageschool.com/types-of-food-chain-explained-for-kids.html]
[jainheritageschool.com/assets/img/blog/blog-s-1-5.jpg]
[jainheritageschool.com/safety-guidelines-for-students.html]
[jainheritageschool.com/assets/img/blog/blog-s-1-6.jpg]
[jainheritageschool.com/good-habits-for-students-daily-practices.html]
[jainheritageschool.com/assets/img/blog/blog-s-1-7.jpg]
[jainheritageschool.com/personal-grooming-tips-for-students.html]
[jainheritageschool.com/assets/img/blog/blog-s-1-8.jpg]
[jainheritageschool.com/months-name-learn-all-12-months-in-order.html]
[jainheritageschool.com/assets/img/blog/blog-s-1-9.jpg]
[jainheritageschool.com/icse-vs-cbse-which-board-is-better-for-your-child.html]
[jainheritageschool.com/assets/img/icon/shield.svg]
[jainheritageschool.com/assets/img/icon/sv-6-1.svg]
[jainheritageschool.com/assets/img/icon/sv-6-2.svg]
[jainheritageschool.com/assets/img/icon/sv-6-3.svg]
[jainheritageschool.com/assets/img/icon/menu2.svg]
[jainheritageschool.com/assets/img/icon/counter13-icon.svg]
[jainheritageschool.com/assets/img/icon/fea-4-3.svg]
[jainheritageschool.com/assets/img/icon/call.svg]
[jainheritageschool.com/assets/img/meal/meal-main.html]
[jainheritageschool.com/assets/img/circle-time/circle-moment.html]
[cdnjs.cloudflare.com/ajax/libs/font-awesome/6.5.0/css/all.min.css]
[jainheritageschool.com/assets/downloads/critical-thinking-brochure.html]
[jainheritageschool.com/assets/downloads/creative-expression-brochure.html]
[jainheritageschool.com/assets/downloads/music-club-guide.html]
[jainheritageschool.com/assets/downloads/fitness-wellness-info.html]
[jainheritageschool.com/assets/downloads/global-awareness-pack.html]
[jainheritageschool.com/assets/downloads/stem-lab-handbook.html]
[jainheritageschool.com/assets/downloads/leadership-training-guide.html]
[jainheritageschool.com/assets/downloads/environmental-club-brochure.html]
[jainheritageschool.com/assets/img/sports/training.html]
[jainheritageschool.com/assets/img/sports/award1.html]
[jainheritageschool.com/assets/img/sports/award2.html]
[jainheritageschool.com/assets/img/sports/award3.html]
[jainheritageschool.com/assets/img/icon/location-dot3.svg]
[jainheritageschool.com/admissions-2026-27/i.html]
[jainheritageschool.com/admissions-2026-27/Firefox/index.html]
[jainheritageschool.com/assets/img/icon/map.svg]
[jainheritageschool.com/assets/img/icon/plane2.svg]
[jainheritageschool.com/assets/img/blog/blog_inner_1.html]
[jainheritageschool.com/assets/img/blog/blog_inner_2.html]
[jainheritageschool.com/assets/img/case/case-dsc.jpg]
[jainheritageschool.com/assets/pdf/Jain Heritage School Whitefield Brochure.pdf]
[jainheritageschool.com/news-and-events.html]
[jainheritageschool.com/frontend-executive.html]
[jainheritageschool.com/admissions-2026-27/application/wp-content/plugins/elementor/assets/lib/font-awesome/webfonts/fa-brands-400.svg]
[jainheritageschool.com/admissions-2026-27/application/wp-content/plugins/elementor/assets/lib/font-awesome/webfonts/fa-regular-400.svg]
[jainheritageschool.com/admissions-2026-27/application/wp-content/plugins/elementor/assets/lib/font-awesome/webfonts/fa-solid-900.svg]
[jainheritageschool.com/admissions-2026-27/application/wp-content/plugins/metform/public/assets/css/metform-uif729.css]
[jainheritageschool.com/admissions-2026-27/application/wp-content/plugins/metform/public/assets/css/stylef729.css]
[jainheritageschool.com/admissions-2026-27/application/wp-content/uploads/elementor/css/post-3059bde5.css]
[jainheritageschool.com/admissions-2026-27/application/index271a.html]
[jainheritageschool.com/admissions-2026-27/application/wp-json/metform/v1/entries/insert/2165.json]
[jainheritageschool.com/admissions-2026-27/application/wp-content/uploads/elementor/css/post-2165bde5.css]
[jainheritageschool.com/admissions-2026-27/application/wp-content/plugins/metform/public/assets/css/flatpickr.minf729.css]
[jainheritageschool.com/admissions-2026-27/application/wp-content/uploads/elementor/google-fonts/fonts/ibmplexsans-eb6f2434.woff2]
[jainheritageschool.com/admissions-2026-27/application/wp-content/uploads/elementor/google-fonts/fonts/ibmplexsans-786db93c.woff2]
[jainheritageschool.com/admissions-2026-27/application/wp-content/uploads/elementor/google-fonts/fonts/ibmplexsans-d0195443.woff2]
[jainheritageschool.com/admissions-2026-27/application/wp-content/uploads/elementor/google-fonts/fonts/ibmplexsans-bfe3e825.woff2]
[jainheritageschool.com/admissions-2026-27/application/wp-content/uploads/elementor/google-fonts/fonts/ibmplexsans-7a83af82.woff2]
[jainheritageschool.com/admissions-2026-27/application/wp-content/uploads/elementor/google-fonts/fonts/ibmplexsans-f036af2c.woff2]
[jainheritageschool.com/admissions-2026-27/application/wp-content/uploads/elementor/google-fonts/fonts/ibmplexsans-a6dd2276.woff2]
[jainheritageschool.com/admissions-2026-27/application/wp-content/uploads/elementor/google-fonts/fonts/ibmplexsans-0564cf0e.woff2]
[jainheritageschool.com/admissions-2026-27/application/wp-content/uploads/elementor/google-fonts/fonts/ibmplexsans-92e63ec1.woff2]
[jainheritageschool.com/admissions-2026-27/application/wp-content/uploads/elementor/google-fonts/fonts/ibmplexsans-c73940f4.woff2]
[jainheritageschool.com/admissions-2026-27/application/wp-content/uploads/elementor/google-fonts/fonts/ibmplexsans-632855d1.woff2]
[jainheritageschool.com/admissions-2026-27/application/wp-content/uploads/elementor/google-fonts/css/ibmplexsans0786.css]
[jainheritageschool.com/admissions-2026-27/application/wp-content/uploads/elementor/google-fonts/fonts/ibmplexsans-868a235a.woff2]
[jainheritageschool.com/admissions-2026-27/application/wp-content/uploads/2025/05/JHS-Banner-LP-006.jpg]
[jainheritageschool.com/admissions-2026-27/application/wp-content/uploads/elementor/css/post-30618139.css]
[jainheritageschool.com/admissions-2026-27/application/index7ab0.html]
[jainheritageschool.com/assets/images/og-default.html]
[jainheritageschool.com/types-of-food-chain-explained.html]
[jainheritageschool.com/assets/img/bg/food_widget_banner.html]
